gthr-default.h:229:1:int __gthread_key_delete(__gthread_key_t)	16	static
main.cpp:60:6:void HAL_SPI_TxCpltCallback(SPI_HandleTypeDef*)	16	static
main.cpp:74:5:int main()	80	static
main.cpp:143:6:void SystemClock_Config()	72	static
main.cpp:181:6:void MX_SPI2_Init()	8	static
main.cpp:219:13:void MX_DMA_Init()	16	static
main.cpp:237:13:void MX_GPIO_Init()	40	static
main.cpp:275:6:void Error_Handler()	4	static
main.cpp:281:1:void __static_initialization_and_destruction_0(int, int)	16	static
main.cpp:281:1:cpp)	8	static
