gthr-default.h:229:1:int __gthread_key_delete(__gthread_key_t)	16	static
main.cpp:65:6:void HAL_UART_RxCpltCallback(UART_HandleTypeDef*)	16	static
main.cpp:69:6:void HAL_UART_TxCpltCallback(UART_HandleTypeDef*)	16	static
main.cpp:72:6:void HAL_SPI_TxCpltCallback(SPI_HandleTypeDef*)	16	static
main.cpp:75:6:void HAL_I2C_MemTxCpltCallback(I2C_HandleTypeDef*)	16	static
main.cpp:89:5:int main()	80	static
main.cpp:167:6:void SystemClock_Config()	160	static
main.cpp:218:6:void Error_Handler()	4	static
main.cpp:224:1:void __static_initialization_and_destruction_0(int, int)	16	static
main.cpp:224:1:cpp)	8	static
