gthr-default.h:229:1:int __gthread_key_delete(__gthread_key_t)	16	static
SSD1306.cpp:11:6:void SSD1306::Reset()	16	static
SSD1306.cpp:24:6:void SSD1306::WriteCommand()	32	static
SSD1306.cpp:41:6:void SSD1306::WriteData()	40	static
SSD1306.cpp:60:6:void SSD1306::SPI_Interrupt_DMA()	16	static
SSD1306.cpp:81:6:void SSD1306::Init()	32	static
SSD1306.cpp:172:6:void SSD1306::process()	16	static
SSD1306.cpp:178:6:void SSD1306::Fill(Color)	16	static
SSD1306.cpp:187:6:void SSD1306::WriteChar(char, Font, Color, uint8_t, uint8_t)	32	static
SSD1306.cpp:192:6:void SSD1306::WriteString(char*, Font, Color, uint8_t, uint8_t)	32	static
SSD1306.cpp:197:6:void SSD1306::SetCursor(uint8_t, uint8_t)	16	static
SSD1306.cpp:202:1:SSD1306::SSD1306(I2C_HandleTypeDef*, int)	32	static
SSD1306.cpp:217:1:SSD1306::SSD1306(SPI_HandleTypeDef*, SSD1306::gpio_struct, SSD1306::gpio_struct, SSD1306::gpio_struct)	32	static
SSD1306.cpp:238:1:SSD1306::~SSD1306()	16	static
SSD1306.cpp:238:1:virtual SSD1306::~SSD1306()	16	static
SSD1306.cpp:242:6:void SSD1306::ChangeDMA(state)	16	static
SSD1306.cpp:246:6:void SSD1306::ChangeMirrorHorizontal(state)	16	static
SSD1306.cpp:250:6:void SSD1306::ChangeMirrorVertical(state)	16	static
SSD1306.cpp:254:6:void SSD1306::AllocBuffer()	16	static
SSD1306.cpp:258:6:void SSD1306::ChangeInversionColor(state)	16	static
SSD1306.cpp:262:6:void SSD1306::ChangeHeight(uint8_t)	16	static
SSD1306.cpp:266:6:void SSD1306::ChangeWidth(uint8_t)	16	static
SSD1306.cpp:268:1:void __static_initialization_and_destruction_0(int, int)	16	static
SSD1306.cpp:268:1:cpp)	8	static
